<?xml version="1.0"?>
<link_info>
   <banner>TI ARM Linker PC v5.2.5</banner>
   <copyright>Copyright (c) 1996-2015 Texas Instruments Incorporated</copyright>
   <link_time>0x57fc11b7</link_time>
   <link_errors>0x0</link_errors>
   <output_file>Tiva_CNC.out</output_file>
   <entry_point>
      <name>_c_int00</name>
      <address>0x3cc1</address>
   </entry_point>
   <input_file_list>
      <input_file id="fl-2">
         <path>.\</path>
         <kind>object</kind>
         <file>coolant.obj</file>
         <name>coolant.obj</name>
      </input_file>
      <input_file id="fl-3">
         <path>.\</path>
         <kind>object</kind>
         <file>dastlib.obj</file>
         <name>dastlib.obj</name>
      </input_file>
      <input_file id="fl-4">
         <path>.\</path>
         <kind>object</kind>
         <file>gcode.obj</file>
         <name>gcode.obj</name>
      </input_file>
      <input_file id="fl-5">
         <path>.\</path>
         <kind>object</kind>
         <file>limits.obj</file>
         <name>limits.obj</name>
      </input_file>
      <input_file id="fl-6">
         <path>.\</path>
         <kind>object</kind>
         <file>main.obj</file>
         <name>main.obj</name>
      </input_file>
      <input_file id="fl-7">
         <path>.\</path>
         <kind>object</kind>
         <file>motion.obj</file>
         <name>motion.obj</name>
      </input_file>
      <input_file id="fl-8">
         <path>.\</path>
         <kind>object</kind>
         <file>planner.obj</file>
         <name>planner.obj</name>
      </input_file>
      <input_file id="fl-9">
         <path>.\</path>
         <kind>object</kind>
         <file>print.obj</file>
         <name>print.obj</name>
      </input_file>
      <input_file id="fl-a">
         <path>.\</path>
         <kind>object</kind>
         <file>protocol.obj</file>
         <name>protocol.obj</name>
      </input_file>
      <input_file id="fl-b">
         <path>.\</path>
         <kind>object</kind>
         <file>report.obj</file>
         <name>report.obj</name>
      </input_file>
      <input_file id="fl-c">
         <path>.\</path>
         <kind>object</kind>
         <file>serial.obj</file>
         <name>serial.obj</name>
      </input_file>
      <input_file id="fl-d">
         <path>.\</path>
         <kind>object</kind>
         <file>spindle.obj</file>
         <name>spindle.obj</name>
      </input_file>
      <input_file id="fl-e">
         <path>.\</path>
         <kind>object</kind>
         <file>stepper.obj</file>
         <name>stepper.obj</name>
      </input_file>
      <input_file id="fl-f">
         <path>.\</path>
         <kind>object</kind>
         <file>system.obj</file>
         <name>system.obj</name>
      </input_file>
      <input_file id="fl-10">
         <path>.\</path>
         <kind>object</kind>
         <file>tm4c123gh6pm_startup_ccs.obj</file>
         <name>tm4c123gh6pm_startup_ccs.obj</name>
      </input_file>
      <input_file id="fl-11">
         <path>.\</path>
         <kind>object</kind>
         <file>utils.obj</file>
         <name>utils.obj</name>
      </input_file>
      <input_file id="fl-17">
         <path>C:\ti\TivaWare_C_Series-2.1.2.111\driverlib\ccs\Debug\</path>
         <kind>archive</kind>
         <file>driverlib.lib</file>
         <name>gpio.obj</name>
      </input_file>
      <input_file id="fl-18">
         <path>C:\ti\TivaWare_C_Series-2.1.2.111\driverlib\ccs\Debug\</path>
         <kind>archive</kind>
         <file>driverlib.lib</file>
         <name>interrupt.obj</name>
      </input_file>
      <input_file id="fl-19">
         <path>C:\ti\TivaWare_C_Series-2.1.2.111\driverlib\ccs\Debug\</path>
         <kind>archive</kind>
         <file>driverlib.lib</file>
         <name>pwm.obj</name>
      </input_file>
      <input_file id="fl-1a">
         <path>C:\ti\TivaWare_C_Series-2.1.2.111\driverlib\ccs\Debug\</path>
         <kind>archive</kind>
         <file>driverlib.lib</file>
         <name>sysctl.obj</name>
      </input_file>
      <input_file id="fl-1b">
         <path>C:\ti\TivaWare_C_Series-2.1.2.111\driverlib\ccs\Debug\</path>
         <kind>archive</kind>
         <file>driverlib.lib</file>
         <name>timer.obj</name>
      </input_file>
      <input_file id="fl-1c">
         <path>C:\ti\TivaWare_C_Series-2.1.2.111\driverlib\ccs\Debug\</path>
         <kind>archive</kind>
         <file>driverlib.lib</file>
         <name>uart.obj</name>
      </input_file>
      <input_file id="fl-1d">
         <path>C:\ti\TivaWare_C_Series-2.1.2.111\driverlib\ccs\Debug\</path>
         <kind>archive</kind>
         <file>driverlib.lib</file>
         <name>cpu.obj</name>
      </input_file>
      <input_file id="fl-13f">
         <path>C:\ti\ccsv6\tools\compiler\ti-cgt-arm_5.2.5\lib\</path>
         <kind>archive</kind>
         <file>rtsv7M4_T_le_v4SPD16_eabi.lib</file>
         <name>atan2.obj</name>
      </input_file>
      <input_file id="fl-140">
         <path>C:\ti\ccsv6\tools\compiler\ti-cgt-arm_5.2.5\lib\</path>
         <kind>archive</kind>
         <file>rtsv7M4_T_le_v4SPD16_eabi.lib</file>
         <name>boot.obj</name>
      </input_file>
      <input_file id="fl-141">
         <path>C:\ti\ccsv6\tools\compiler\ti-cgt-arm_5.2.5\lib\</path>
         <kind>archive</kind>
         <file>rtsv7M4_T_le_v4SPD16_eabi.lib</file>
         <name>copy_decompress_none.obj</name>
      </input_file>
      <input_file id="fl-142">
         <path>C:\ti\ccsv6\tools\compiler\ti-cgt-arm_5.2.5\lib\</path>
         <kind>archive</kind>
         <file>rtsv7M4_T_le_v4SPD16_eabi.lib</file>
         <name>copy_decompress_rle.obj</name>
      </input_file>
      <input_file id="fl-143">
         <path>C:\ti\ccsv6\tools\compiler\ti-cgt-arm_5.2.5\lib\</path>
         <kind>archive</kind>
         <file>rtsv7M4_T_le_v4SPD16_eabi.lib</file>
         <name>copy_zero_init.obj</name>
      </input_file>
      <input_file id="fl-144">
         <path>C:\ti\ccsv6\tools\compiler\ti-cgt-arm_5.2.5\lib\</path>
         <kind>archive</kind>
         <file>rtsv7M4_T_le_v4SPD16_eabi.lib</file>
         <name>cos.obj</name>
      </input_file>
      <input_file id="fl-145">
         <path>C:\ti\ccsv6\tools\compiler\ti-cgt-arm_5.2.5\lib\</path>
         <kind>archive</kind>
         <file>rtsv7M4_T_le_v4SPD16_eabi.lib</file>
         <name>exit.obj</name>
      </input_file>
      <input_file id="fl-146">
         <path>C:\ti\ccsv6\tools\compiler\ti-cgt-arm_5.2.5\lib\</path>
         <kind>archive</kind>
         <file>rtsv7M4_T_le_v4SPD16_eabi.lib</file>
         <name>fd_add_t2.obj</name>
      </input_file>
      <input_file id="fl-147">
         <path>C:\ti\ccsv6\tools\compiler\ti-cgt-arm_5.2.5\lib\</path>
         <kind>archive</kind>
         <file>rtsv7M4_T_le_v4SPD16_eabi.lib</file>
         <name>fd_cmp_t2.obj</name>
      </input_file>
      <input_file id="fl-148">
         <path>C:\ti\ccsv6\tools\compiler\ti-cgt-arm_5.2.5\lib\</path>
         <kind>archive</kind>
         <file>rtsv7M4_T_le_v4SPD16_eabi.lib</file>
         <name>fd_div_t2.obj</name>
      </input_file>
      <input_file id="fl-149">
         <path>C:\ti\ccsv6\tools\compiler\ti-cgt-arm_5.2.5\lib\</path>
         <kind>archive</kind>
         <file>rtsv7M4_T_le_v4SPD16_eabi.lib</file>
         <name>fd_mul_t2.obj</name>
      </input_file>
      <input_file id="fl-14a">
         <path>C:\ti\ccsv6\tools\compiler\ti-cgt-arm_5.2.5\lib\</path>
         <kind>archive</kind>
         <file>rtsv7M4_T_le_v4SPD16_eabi.lib</file>
         <name>fd_tos_t2.obj</name>
      </input_file>
      <input_file id="fl-14b">
         <path>C:\ti\ccsv6\tools\compiler\ti-cgt-arm_5.2.5\lib\</path>
         <kind>archive</kind>
         <file>rtsv7M4_T_le_v4SPD16_eabi.lib</file>
         <name>fd_tou_t2.obj</name>
      </input_file>
      <input_file id="fl-14c">
         <path>C:\ti\ccsv6\tools\compiler\ti-cgt-arm_5.2.5\lib\</path>
         <kind>archive</kind>
         <file>rtsv7M4_T_le_v4SPD16_eabi.lib</file>
         <name>floor.obj</name>
      </input_file>
      <input_file id="fl-14d">
         <path>C:\ti\ccsv6\tools\compiler\ti-cgt-arm_5.2.5\lib\</path>
         <kind>archive</kind>
         <file>rtsv7M4_T_le_v4SPD16_eabi.lib</file>
         <name>fs_tod_t2.obj</name>
      </input_file>
      <input_file id="fl-14e">
         <path>C:\ti\ccsv6\tools\compiler\ti-cgt-arm_5.2.5\lib\</path>
         <kind>archive</kind>
         <file>rtsv7M4_T_le_v4SPD16_eabi.lib</file>
         <name>hypot.obj</name>
      </input_file>
      <input_file id="fl-14f">
         <path>C:\ti\ccsv6\tools\compiler\ti-cgt-arm_5.2.5\lib\</path>
         <kind>archive</kind>
         <file>rtsv7M4_T_le_v4SPD16_eabi.lib</file>
         <name>i_tofd_t2.obj</name>
      </input_file>
      <input_file id="fl-150">
         <path>C:\ti\ccsv6\tools\compiler\ti-cgt-arm_5.2.5\lib\</path>
         <kind>archive</kind>
         <file>rtsv7M4_T_le_v4SPD16_eabi.lib</file>
         <name>lround.obj</name>
      </input_file>
      <input_file id="fl-151">
         <path>C:\ti\ccsv6\tools\compiler\ti-cgt-arm_5.2.5\lib\</path>
         <kind>archive</kind>
         <file>rtsv7M4_T_le_v4SPD16_eabi.lib</file>
         <name>memcpy_t2.obj</name>
      </input_file>
      <input_file id="fl-152">
         <path>C:\ti\ccsv6\tools\compiler\ti-cgt-arm_5.2.5\lib\</path>
         <kind>archive</kind>
         <file>rtsv7M4_T_le_v4SPD16_eabi.lib</file>
         <name>memset_t2.obj</name>
      </input_file>
      <input_file id="fl-153">
         <path>C:\ti\ccsv6\tools\compiler\ti-cgt-arm_5.2.5\lib\</path>
         <kind>archive</kind>
         <file>rtsv7M4_T_le_v4SPD16_eabi.lib</file>
         <name>pre_init.obj</name>
      </input_file>
      <input_file id="fl-154">
         <path>C:\ti\ccsv6\tools\compiler\ti-cgt-arm_5.2.5\lib\</path>
         <kind>archive</kind>
         <file>rtsv7M4_T_le_v4SPD16_eabi.lib</file>
         <name>sin.obj</name>
      </input_file>
      <input_file id="fl-155">
         <path>C:\ti\ccsv6\tools\compiler\ti-cgt-arm_5.2.5\lib\</path>
         <kind>archive</kind>
         <file>rtsv7M4_T_le_v4SPD16_eabi.lib</file>
         <name>sqrt.obj</name>
      </input_file>
      <input_file id="fl-156">
         <path>C:\ti\ccsv6\tools\compiler\ti-cgt-arm_5.2.5\lib\</path>
         <kind>archive</kind>
         <file>rtsv7M4_T_le_v4SPD16_eabi.lib</file>
         <name>stkdepth_vars.obj</name>
      </input_file>
      <input_file id="fl-157">
         <path>C:\ti\ccsv6\tools\compiler\ti-cgt-arm_5.2.5\lib\</path>
         <kind>archive</kind>
         <file>rtsv7M4_T_le_v4SPD16_eabi.lib</file>
         <name>trunc.obj</name>
      </input_file>
      <input_file id="fl-158">
         <path>C:\ti\ccsv6\tools\compiler\ti-cgt-arm_5.2.5\lib\</path>
         <kind>archive</kind>
         <file>rtsv7M4_T_le_v4SPD16_eabi.lib</file>
         <name>xatan.obj</name>
      </input_file>
      <input_file id="fl-159">
         <path>C:\ti\ccsv6\tools\compiler\ti-cgt-arm_5.2.5\lib\</path>
         <kind>archive</kind>
         <file>rtsv7M4_T_le_v4SPD16_eabi.lib</file>
         <name>xdint.obj</name>
      </input_file>
      <input_file id="fl-15a">
         <path>C:\ti\ccsv6\tools\compiler\ti-cgt-arm_5.2.5\lib\</path>
         <kind>archive</kind>
         <file>rtsv7M4_T_le_v4SPD16_eabi.lib</file>
         <name>xdscale.obj</name>
      </input_file>
      <input_file id="fl-15b">
         <path>C:\ti\ccsv6\tools\compiler\ti-cgt-arm_5.2.5\lib\</path>
         <kind>archive</kind>
         <file>rtsv7M4_T_le_v4SPD16_eabi.lib</file>
         <name>xdunscal.obj</name>
      </input_file>
      <input_file id="fl-15c">
         <path>C:\ti\ccsv6\tools\compiler\ti-cgt-arm_5.2.5\lib\</path>
         <kind>archive</kind>
         <file>rtsv7M4_T_le_v4SPD16_eabi.lib</file>
         <name>xferaise.obj</name>
      </input_file>
      <input_file id="fl-15d">
         <path>C:\ti\ccsv6\tools\compiler\ti-cgt-arm_5.2.5\lib\</path>
         <kind>archive</kind>
         <file>rtsv7M4_T_le_v4SPD16_eabi.lib</file>
         <name>xhypot.obj</name>
      </input_file>
      <input_file id="fl-15e">
         <path>C:\ti\ccsv6\tools\compiler\ti-cgt-arm_5.2.5\lib\</path>
         <kind>archive</kind>
         <file>rtsv7M4_T_le_v4SPD16_eabi.lib</file>
         <name>xsin.obj</name>
      </input_file>
      <input_file id="fl-15f">
         <path>C:\ti\ccsv6\tools\compiler\ti-cgt-arm_5.2.5\lib\</path>
         <kind>archive</kind>
         <file>rtsv7M4_T_le_v4SPD16_eabi.lib</file>
         <name>xvalues.obj</name>
      </input_file>
      <input_file id="fl-160">
         <path>C:\ti\ccsv6\tools\compiler\ti-cgt-arm_5.2.5\lib\</path>
         <kind>archive</kind>
         <file>rtsv7M4_T_le_v4SPD16_eabi.lib</file>
         <name>_lock.obj</name>
      </input_file>
      <input_file id="fl-161">
         <path>C:\ti\ccsv6\tools\compiler\ti-cgt-arm_5.2.5\lib\</path>
         <kind>archive</kind>
         <file>rtsv7M4_T_le_v4SPD16_eabi.lib</file>
         <name>args_main.obj</name>
      </input_file>
      <input_file id="fl-162">
         <path>C:\ti\ccsv6\tools\compiler\ti-cgt-arm_5.2.5\lib\</path>
         <kind>archive</kind>
         <file>rtsv7M4_T_le_v4SPD16_eabi.lib</file>
         <name>autoinit.obj</name>
      </input_file>
      <input_file id="fl-163">
         <path>C:\ti\ccsv6\tools\compiler\ti-cgt-arm_5.2.5\lib\</path>
         <kind>archive</kind>
         <file>rtsv7M4_T_le_v4SPD16_eabi.lib</file>
         <name>cpy_tbl.obj</name>
      </input_file>
      <input_file id="fl-164">
         <path>C:\ti\ccsv6\tools\compiler\ti-cgt-arm_5.2.5\lib\</path>
         <kind>archive</kind>
         <file>rtsv7M4_T_le_v4SPD16_eabi.lib</file>
         <name>errno.obj</name>
      </input_file>
      <input_file id="fl-165">
         <path>C:\ti\ccsv6\tools\compiler\ti-cgt-arm_5.2.5\lib\</path>
         <kind>archive</kind>
         <file>rtsv7M4_T_le_v4SPD16_eabi.lib</file>
         <name>fd_toi_t2.obj</name>
      </input_file>
      <input_file id="fl-166">
         <path>C:\ti\ccsv6\tools\compiler\ti-cgt-arm_5.2.5\lib\</path>
         <kind>archive</kind>
         <file>rtsv7M4_T_le_v4SPD16_eabi.lib</file>
         <name>feraiseexcept.obj</name>
      </input_file>
      <input_file id="fl-167">
         <path>C:\ti\ccsv6\tools\compiler\ti-cgt-arm_5.2.5\lib\</path>
         <kind>archive</kind>
         <file>rtsv7M4_T_le_v4SPD16_eabi.lib</file>
         <name>fmod.obj</name>
      </input_file>
      <input_file id="fl-168">
         <path>C:\ti\ccsv6\tools\compiler\ti-cgt-arm_5.2.5\lib\</path>
         <kind>archive</kind>
         <file>rtsv7M4_T_le_v4SPD16_eabi.lib</file>
         <name>raise.obj</name>
      </input_file>
      <input_file id="fl-169">
         <path>C:\ti\ccsv6\tools\compiler\ti-cgt-arm_5.2.5\lib\</path>
         <kind>archive</kind>
         <file>rtsv7M4_T_le_v4SPD16_eabi.lib</file>
         <name>signal.obj</name>
      </input_file>
      <input_file id="fl-16a">
         <path>C:\ti\ccsv6\tools\compiler\ti-cgt-arm_5.2.5\lib\</path>
         <kind>archive</kind>
         <file>rtsv7M4_T_le_v4SPD16_eabi.lib</file>
         <name>xdnorm.obj</name>
      </input_file>
   </input_file_list>
   <object_component_list>
      <object_component id="oc-f">
         <name>.intvecs</name>
         <load_address>0x0</load_address>
         <run_address>0x0</run_address>
         <size>0x26c</size>
         <input_file_ref idref="fl-10"/>
      </object_component>
      <object_component id="oc-1fb">
         <name>.text</name>
         <load_address>0x26c</load_address>
         <run_address>0x26c</run_address>
         <size>0x6f0</size>
         <input_file_ref idref="fl-7"/>
      </object_component>
      <object_component id="oc-dc">
         <name>.text</name>
         <load_address>0x95c</load_address>
         <run_address>0x95c</run_address>
         <size>0x670</size>
         <input_file_ref idref="fl-3"/>
      </object_component>
      <object_component id="oc-13f">
         <name>.text</name>
         <load_address>0xfcc</load_address>
         <run_address>0xfcc</run_address>
         <size>0x4e4</size>
         <input_file_ref idref="fl-f"/>
      </object_component>
      <object_component id="oc-160">
         <name>.text</name>
         <load_address>0x14b0</load_address>
         <run_address>0x14b0</run_address>
         <size>0x304</size>
         <input_file_ref idref="fl-4"/>
      </object_component>
      <object_component id="oc-377">
         <name>.text</name>
         <load_address>0x17b4</load_address>
         <run_address>0x17b4</run_address>
         <size>0x294</size>
         <input_file_ref idref="fl-15e"/>
      </object_component>
      <object_component id="oc-364">
         <name>.text</name>
         <load_address>0x1a48</load_address>
         <run_address>0x1a48</run_address>
         <size>0x264</size>
         <input_file_ref idref="fl-15d"/>
      </object_component>
      <object_component id="oc-3c">
         <name>.text</name>
         <load_address>0x1cac</load_address>
         <run_address>0x1cac</run_address>
         <size>0x250</size>
         <input_file_ref idref="fl-e"/>
      </object_component>
      <object_component id="oc-21f">
         <name>.text</name>
         <load_address>0x1efc</load_address>
         <run_address>0x1efc</run_address>
         <size>0x23c</size>
         <input_file_ref idref="fl-9"/>
      </object_component>
      <object_component id="oc-201">
         <name>.text</name>
         <load_address>0x2138</load_address>
         <run_address>0x2138</run_address>
         <size>0x218</size>
         <input_file_ref idref="fl-8"/>
      </object_component>
      <object_component id="oc-36">
         <name>.text</name>
         <load_address>0x2350</load_address>
         <run_address>0x2350</run_address>
         <size>0x1bc</size>
         <input_file_ref idref="fl-c"/>
      </object_component>
      <object_component id="oc-2c9">
         <name>.text</name>
         <load_address>0x250c</load_address>
         <run_address>0x250c</run_address>
         <size>0x1b6</size>
         <input_file_ref idref="fl-146"/>
      </object_component>
      <object_component id="oc-36c">
         <name>.text</name>
         <load_address>0x26c4</load_address>
         <run_address>0x26c4</run_address>
         <size>0x18c</size>
         <input_file_ref idref="fl-158"/>
      </object_component>
      <object_component id="oc-2df">
         <name>.text</name>
         <load_address>0x2850</load_address>
         <run_address>0x2850</run_address>
         <size>0x17c</size>
         <input_file_ref idref="fl-13f"/>
      </object_component>
      <object_component id="oc-3b8">
         <name>.text</name>
         <load_address>0x29cc</load_address>
         <run_address>0x29cc</run_address>
         <size>0x174</size>
         <input_file_ref idref="fl-167"/>
      </object_component>
      <object_component id="oc-2ce">
         <name>.text</name>
         <load_address>0x2b40</load_address>
         <run_address>0x2b40</run_address>
         <size>0x148</size>
         <input_file_ref idref="fl-155"/>
      </object_component>
      <object_component id="oc-2da">
         <name>.text</name>
         <load_address>0x2c88</load_address>
         <run_address>0x2c88</run_address>
         <size>0x136</size>
         <input_file_ref idref="fl-148"/>
      </object_component>
      <object_component id="oc-99">
         <name>.text:GPIOPadConfigSet</name>
         <load_address>0x2dbe</load_address>
         <run_address>0x2dbe</run_address>
         <size>0x132</size>
         <input_file_ref idref="fl-17"/>
      </object_component>
      <object_component id="oc-be">
         <name>.text:SysCtlClockGet</name>
         <load_address>0x2ef0</load_address>
         <run_address>0x2ef0</run_address>
         <size>0x110</size>
         <input_file_ref idref="fl-1a"/>
      </object_component>
      <object_component id="oc-354">
         <name>.text</name>
         <load_address>0x3000</load_address>
         <run_address>0x3000</run_address>
         <size>0x110</size>
         <input_file_ref idref="fl-15a"/>
      </object_component>
      <object_component id="oc-20f">
         <name>.text</name>
         <load_address>0x3110</load_address>
         <run_address>0x3110</run_address>
         <size>0xfc</size>
         <input_file_ref idref="fl-149"/>
      </object_component>
      <object_component id="oc-24f">
         <name>.text:SysCtlClockSet</name>
         <load_address>0x320c</load_address>
         <run_address>0x320c</run_address>
         <size>0xf4</size>
         <input_file_ref idref="fl-1a"/>
      </object_component>
      <object_component id="oc-1ef">
         <name>.text</name>
         <load_address>0x3300</load_address>
         <run_address>0x3300</run_address>
         <size>0xec</size>
         <input_file_ref idref="fl-d"/>
      </object_component>
      <object_component id="oc-2ea">
         <name>.text</name>
         <load_address>0x33ec</load_address>
         <run_address>0x33ec</run_address>
         <size>0xc8</size>
         <input_file_ref idref="fl-14c"/>
      </object_component>
      <object_component id="oc-2ff">
         <name>.text</name>
         <load_address>0x34b4</load_address>
         <run_address>0x34b4</run_address>
         <size>0xc0</size>
         <input_file_ref idref="fl-150"/>
      </object_component>
      <object_component id="oc-322">
         <name>.text</name>
         <load_address>0x3574</load_address>
         <run_address>0x3574</run_address>
         <size>0xc0</size>
         <input_file_ref idref="fl-159"/>
      </object_component>
      <object_component id="oc-393">
         <name>.text</name>
         <load_address>0x3634</load_address>
         <run_address>0x3634</run_address>
         <size>0xbe</size>
         <input_file_ref idref="fl-16a"/>
      </object_component>
      <object_component id="oc-15a">
         <name>.text</name>
         <load_address>0x36f4</load_address>
         <run_address>0x36f4</run_address>
         <size>0xa8</size>
         <input_file_ref idref="fl-b"/>
      </object_component>
      <object_component id="oc-42">
         <name>.text</name>
         <load_address>0x379c</load_address>
         <run_address>0x379c</run_address>
         <size>0xa0</size>
         <input_file_ref idref="fl-a"/>
      </object_component>
      <object_component id="oc-4b">
         <name>.text</name>
         <load_address>0x383c</load_address>
         <run_address>0x383c</run_address>
         <size>0x9c</size>
         <input_file_ref idref="fl-151"/>
      </object_component>
      <object_component id="oc-2c4">
         <name>.text:__aeabi_cdcmple</name>
         <load_address>0x38d8</load_address>
         <run_address>0x38d8</run_address>
         <size>0x86</size>
         <input_file_ref idref="fl-147"/>
      </object_component>
      <object_component id="oc-2e5">
         <name>.text:__aeabi_cdrcmple</name>
         <load_address>0x395e</load_address>
         <run_address>0x395e</run_address>
         <size>0x86</size>
         <input_file_ref idref="fl-147"/>
      </object_component>
      <object_component id="oc-64">
         <name>.text</name>
         <load_address>0x39e4</load_address>
         <run_address>0x39e4</run_address>
         <size>0x7a</size>
         <input_file_ref idref="fl-152"/>
      </object_component>
      <object_component id="oc-76">
         <name>.text</name>
         <load_address>0x3a60</load_address>
         <run_address>0x3a60</run_address>
         <size>0x6c</size>
         <input_file_ref idref="fl-162"/>
      </object_component>
      <object_component id="oc-57">
         <name>.text</name>
         <load_address>0x3acc</load_address>
         <run_address>0x3acc</run_address>
         <size>0x6a</size>
         <input_file_ref idref="fl-142"/>
      </object_component>
      <object_component id="oc-a5">
         <name>.text:IntEnable</name>
         <load_address>0x3b38</load_address>
         <run_address>0x3b38</run_address>
         <size>0x68</size>
         <input_file_ref idref="fl-18"/>
      </object_component>
      <object_component id="oc-34e">
         <name>.text</name>
         <load_address>0x3ba0</load_address>
         <run_address>0x3ba0</run_address>
         <size>0x66</size>
         <input_file_ref idref="fl-15b"/>
      </object_component>
      <object_component id="oc-121">
         <name>.text:TimerConfigure</name>
         <load_address>0x3c08</load_address>
         <run_address>0x3c08</run_address>
         <size>0x60</size>
         <input_file_ref idref="fl-1b"/>
      </object_component>
      <object_component id="oc-9f">
         <name>.text:GPIOIntTypeSet</name>
         <load_address>0x3c68</load_address>
         <run_address>0x3c68</run_address>
         <size>0x56</size>
         <input_file_ref idref="fl-17"/>
      </object_component>
      <object_component id="oc-24">
         <name>.text</name>
         <load_address>0x3cc0</load_address>
         <run_address>0x3cc0</run_address>
         <size>0x50</size>
         <input_file_ref idref="fl-140"/>
      </object_component>
      <object_component id="oc-185">
         <name>.text</name>
         <load_address>0x3d10</load_address>
         <run_address>0x3d10</run_address>
         <size>0x4c</size>
         <input_file_ref idref="fl-163"/>
      </object_component>
      <object_component id="oc-2d4">
         <name>.text</name>
         <load_address>0x3d5c</load_address>
         <run_address>0x3d5c</run_address>
         <size>0x4a</size>
         <input_file_ref idref="fl-14e"/>
      </object_component>
      <object_component id="oc-b2">
         <name>.text:GPIOPinConfigure</name>
         <load_address>0x3da8</load_address>
         <run_address>0x3da8</run_address>
         <size>0x48</size>
         <input_file_ref idref="fl-17"/>
      </object_component>
      <object_component id="oc-381">
         <name>.text</name>
         <load_address>0x3df0</load_address>
         <run_address>0x3df0</run_address>
         <size>0x48</size>
         <input_file_ref idref="fl-165"/>
      </object_component>
      <object_component id="oc-214">
         <name>.text</name>
         <load_address>0x3e38</load_address>
         <run_address>0x3e38</run_address>
         <size>0x48</size>
         <input_file_ref idref="fl-14a"/>
      </object_component>
      <object_component id="oc-c4">
         <name>.text:UARTConfigSetExpClk</name>
         <load_address>0x3e80</load_address>
         <run_address>0x3e80</run_address>
         <size>0x46</size>
         <input_file_ref idref="fl-1c"/>
      </object_component>
      <object_component id="oc-30">
         <name>.text</name>
         <load_address>0x3ec8</load_address>
         <run_address>0x3ec8</run_address>
         <size>0x44</size>
         <input_file_ref idref="fl-5"/>
      </object_component>
      <object_component id="oc-82">
         <name>.text</name>
         <load_address>0x3f0c</load_address>
         <run_address>0x3f0c</run_address>
         <size>0x44</size>
         <input_file_ref idref="fl-145"/>
      </object_component>
      <object_component id="oc-232">
         <name>.text</name>
         <load_address>0x3f50</load_address>
         <run_address>0x3f50</run_address>
         <size>0x44</size>
         <input_file_ref idref="fl-14b"/>
      </object_component>
      <object_component id="oc-3e6">
         <name>.text</name>
         <load_address>0x3f94</load_address>
         <run_address>0x3f94</run_address>
         <size>0x40</size>
         <input_file_ref idref="fl-169"/>
      </object_component>
      <object_component id="oc-227">
         <name>.text</name>
         <load_address>0x3fd4</load_address>
         <run_address>0x3fd4</run_address>
         <size>0x38</size>
         <input_file_ref idref="fl-14d"/>
      </object_component>
      <object_component id="oc-8d">
         <name>.text:SysCtlPeripheralEnable</name>
         <load_address>0x400c</load_address>
         <run_address>0x400c</run_address>
         <size>0x34</size>
         <input_file_ref idref="fl-1a"/>
      </object_component>
      <object_component id="oc-39d">
         <name>.text</name>
         <load_address>0x4040</load_address>
         <run_address>0x4040</run_address>
         <size>0x34</size>
         <input_file_ref idref="fl-166"/>
      </object_component>
      <object_component id="oc-35a">
         <name>.text</name>
         <load_address>0x4074</load_address>
         <run_address>0x4074</run_address>
         <size>0x30</size>
         <input_file_ref idref="fl-15c"/>
      </object_component>
      <object_component id="oc-20a">
         <name>.text</name>
         <load_address>0x40a4</load_address>
         <run_address>0x40a4</run_address>
         <size>0x2e</size>
         <input_file_ref idref="fl-14f"/>
      </object_component>
      <object_component id="oc-3cb">
         <name>.text</name>
         <load_address>0x40d2</load_address>
         <run_address>0x40d2</run_address>
         <size>0x2e</size>
         <input_file_ref idref="fl-168"/>
      </object_component>
      <object_component id="oc-93">
         <name>.text:GPIODirModeSet</name>
         <load_address>0x4100</load_address>
         <run_address>0x4100</run_address>
         <size>0x2a</size>
         <input_file_ref idref="fl-17"/>
      </object_component>
      <object_component id="oc-18d">
         <name>.text</name>
         <load_address>0x412c</load_address>
         <run_address>0x412c</run_address>
         <size>0x28</size>
         <input_file_ref idref="fl-6"/>
      </object_component>
      <object_component id="oc-2a0">
         <name>.text:PWMGenConfigure</name>
         <load_address>0x4154</load_address>
         <run_address>0x4154</run_address>
         <size>0x22</size>
         <input_file_ref idref="fl-19"/>
      </object_component>
      <object_component id="oc-22c">
         <name>.text</name>
         <load_address>0x4176</load_address>
         <run_address>0x4176</run_address>
         <size>0x22</size>
         <input_file_ref idref="fl-157"/>
      </object_component>
      <object_component id="oc-1b5">
         <name>.text:UARTDisable</name>
         <load_address>0x4198</load_address>
         <run_address>0x4198</run_address>
         <size>0x20</size>
         <input_file_ref idref="fl-1c"/>
      </object_component>
      <object_component id="oc-2b2">
         <name>.text:PWMPulseWidthSet</name>
         <load_address>0x41b8</load_address>
         <run_address>0x41b8</run_address>
         <size>0x1e</size>
         <input_file_ref idref="fl-19"/>
      </object_component>
      <object_component id="oc-2f0">
         <name>.text</name>
         <load_address>0x41d6</load_address>
         <run_address>0x41d6</run_address>
         <size>0x1a</size>
         <input_file_ref idref="fl-144"/>
      </object_component>
      <object_component id="oc-2f6">
         <name>.text</name>
         <load_address>0x41f0</load_address>
         <run_address>0x41f0</run_address>
         <size>0x1a</size>
         <input_file_ref idref="fl-154"/>
      </object_component>
      <object_component id="oc-11b">
         <name>.text:GPIOPinTypeGPIOOutput</name>
         <load_address>0x420a</load_address>
         <run_address>0x420a</run_address>
         <size>0x18</size>
         <input_file_ref idref="fl-17"/>
      </object_component>
      <object_component id="oc-29a">
         <name>.text:SysCtlPWMClockGet</name>
         <load_address>0x4224</load_address>
         <run_address>0x4224</run_address>
         <size>0x18</size>
         <input_file_ref idref="fl-1a"/>
      </object_component>
      <object_component id="oc-145">
         <name>.text:TimerDisable</name>
         <load_address>0x423c</load_address>
         <run_address>0x423c</run_address>
         <size>0x18</size>
         <input_file_ref idref="fl-1b"/>
      </object_component>
      <object_component id="oc-7c">
         <name>.text</name>
         <load_address>0x4254</load_address>
         <run_address>0x4254</run_address>
         <size>0x18</size>
         <input_file_ref idref="fl-161"/>
      </object_component>
      <object_component id="oc-28e">
         <name>.text:SysCtlPWMClockSet</name>
         <load_address>0x426c</load_address>
         <run_address>0x426c</run_address>
         <size>0x14</size>
         <input_file_ref idref="fl-1a"/>
      </object_component>
      <object_component id="oc-1bb">
         <name>.text:UARTEnable</name>
         <load_address>0x4280</load_address>
         <run_address>0x4280</run_address>
         <size>0x14</size>
         <input_file_ref idref="fl-1c"/>
      </object_component>
      <object_component id="oc-25d">
         <name>.text</name>
         <load_address>0x4294</load_address>
         <run_address>0x4294</run_address>
         <size>0x14</size>
         <input_file_ref idref="fl-160"/>
      </object_component>
      <object_component id="oc-294">
         <name>.text:GPIOPinTypePWM</name>
         <load_address>0x42a8</load_address>
         <run_address>0x42a8</run_address>
         <size>0x12</size>
         <input_file_ref idref="fl-17"/>
      </object_component>
      <object_component id="oc-b8">
         <name>.text:GPIOPinTypeUART</name>
         <load_address>0x42ba</load_address>
         <run_address>0x42ba</run_address>
         <size>0x12</size>
         <input_file_ref idref="fl-17"/>
      </object_component>
      <object_component id="oc-2b8">
         <name>.text:PWMOutputState</name>
         <load_address>0x42cc</load_address>
         <run_address>0x42cc</run_address>
         <size>0x12</size>
         <input_file_ref idref="fl-19"/>
      </object_component>
      <object_component id="oc-139">
         <name>.text:TimerLoadSet</name>
         <load_address>0x42de</load_address>
         <run_address>0x42de</run_address>
         <size>0x12</size>
         <input_file_ref idref="fl-1b"/>
      </object_component>
      <object_component id="oc-1cf">
         <name>.text:IntMasterDisable</name>
         <load_address>0x42f0</load_address>
         <run_address>0x42f0</run_address>
         <size>0x10</size>
         <input_file_ref idref="fl-18"/>
      </object_component>
      <object_component id="oc-d0">
         <name>.text:IntMasterEnable</name>
         <load_address>0x4300</load_address>
         <run_address>0x4300</run_address>
         <size>0x10</size>
         <input_file_ref idref="fl-18"/>
      </object_component>
      <object_component id="oc-2a6">
         <name>.text:PWMGenPeriodSet</name>
         <load_address>0x4310</load_address>
         <run_address>0x4310</run_address>
         <size>0x10</size>
         <input_file_ref idref="fl-19"/>
      </object_component>
      <object_component id="oc-127">
         <name>.text:TimerEnable</name>
         <load_address>0x4320</load_address>
         <run_address>0x4320</run_address>
         <size>0xe</size>
         <input_file_ref idref="fl-1b"/>
      </object_component>
      <object_component id="oc-fa">
         <name>.text:UARTCharGetNonBlocking</name>
         <load_address>0x432e</load_address>
         <run_address>0x432e</run_address>
         <size>0xe</size>
         <input_file_ref idref="fl-1c"/>
      </object_component>
      <object_component id="oc-100">
         <name>.text:UARTCharsAvail</name>
         <load_address>0x433c</load_address>
         <run_address>0x433c</run_address>
         <size>0xe</size>
         <input_file_ref idref="fl-1c"/>
      </object_component>
      <object_component id="oc-12">
         <name>.text:decompress:none</name>
         <load_address>0x434a</load_address>
         <run_address>0x434a</run_address>
         <size>0xe</size>
         <input_file_ref idref="fl-141"/>
      </object_component>
      <object_component id="oc-283">
         <name>.text:CPUcpsid</name>
         <load_address>0x4358</load_address>
         <run_address>0x4358</run_address>
         <size>0xc</size>
         <input_file_ref idref="fl-1d"/>
      </object_component>
      <object_component id="oc-1c4">
         <name>.text:CPUcpsie</name>
         <load_address>0x4364</load_address>
         <run_address>0x4364</run_address>
         <size>0xc</size>
         <input_file_ref idref="fl-1d"/>
      </object_component>
      <object_component id="oc-ab">
         <name>.text:GPIOIntEnable</name>
         <load_address>0x4370</load_address>
         <run_address>0x4370</run_address>
         <size>0xc</size>
         <input_file_ref idref="fl-17"/>
      </object_component>
      <object_component id="oc-2ac">
         <name>.text:PWMGenEnable</name>
         <load_address>0x437c</load_address>
         <run_address>0x437c</run_address>
         <size>0xc</size>
         <input_file_ref idref="fl-19"/>
      </object_component>
      <object_component id="oc-1f5">
         <name>.text</name>
         <load_address>0x4388</load_address>
         <run_address>0x4388</run_address>
         <size>0xc</size>
         <input_file_ref idref="fl-2"/>
      </object_component>
      <object_component id="oc-1e">
         <name>.text:decompress:ZI</name>
         <load_address>0x4394</load_address>
         <run_address>0x4394</run_address>
         <size>0xc</size>
         <input_file_ref idref="fl-143"/>
      </object_component>
      <object_component id="oc-2a">
         <name>.text</name>
         <load_address>0x43a0</load_address>
         <run_address>0x43a0</run_address>
         <size>0xc</size>
         <input_file_ref idref="fl-10"/>
      </object_component>
      <object_component id="oc-e2">
         <name>.text:UARTCharPut</name>
         <load_address>0x43ac</load_address>
         <run_address>0x43ac</run_address>
         <size>0xa</size>
         <input_file_ref idref="fl-1c"/>
      </object_component>
      <object_component id="oc-f4">
         <name>.text:UARTIntDisable</name>
         <load_address>0x43b6</load_address>
         <run_address>0x43b6</run_address>
         <size>0xa</size>
         <input_file_ref idref="fl-1c"/>
      </object_component>
      <object_component id="oc-e8">
         <name>.text:UARTIntStatus</name>
         <load_address>0x43c0</load_address>
         <run_address>0x43c0</run_address>
         <size>0xa</size>
         <input_file_ref idref="fl-1c"/>
      </object_component>
      <object_component id="oc-14b">
         <name>.text:TimerIntEnable</name>
         <load_address>0x43ca</load_address>
         <run_address>0x43ca</run_address>
         <size>0x8</size>
         <input_file_ref idref="fl-1b"/>
      </object_component>
      <object_component id="oc-d6">
         <name>.text:UARTIntEnable</name>
         <load_address>0x43d2</load_address>
         <run_address>0x43d2</run_address>
         <size>0x8</size>
         <input_file_ref idref="fl-1c"/>
      </object_component>
      <object_component id="oc-133">
         <name>.text:GPIOPinWrite</name>
         <load_address>0x43da</load_address>
         <run_address>0x43da</run_address>
         <size>0x6</size>
         <input_file_ref idref="fl-17"/>
      </object_component>
      <object_component id="oc-2fc">
         <name>.text:SysCtlDelay</name>
         <load_address>0x43e0</load_address>
         <run_address>0x43e0</run_address>
         <size>0x6</size>
         <input_file_ref idref="fl-1a"/>
      </object_component>
      <object_component id="oc-ca">
         <name>.text:UARTFIFOLevelSet</name>
         <load_address>0x43e6</load_address>
         <run_address>0x43e6</run_address>
         <size>0x6</size>
         <input_file_ref idref="fl-1c"/>
      </object_component>
      <object_component id="oc-18">
         <name>.text:decompress:rle24</name>
         <load_address>0x43ec</load_address>
         <run_address>0x43ec</run_address>
         <size>0x6</size>
         <input_file_ref idref="fl-142"/>
      </object_component>
      <object_component id="oc-12d">
         <name>.text:TimerIntClear</name>
         <load_address>0x43f2</load_address>
         <run_address>0x43f2</run_address>
         <size>0x4</size>
         <input_file_ref idref="fl-1b"/>
      </object_component>
      <object_component id="oc-ee">
         <name>.text:UARTIntClear</name>
         <load_address>0x43f6</load_address>
         <run_address>0x43f6</run_address>
         <size>0x4</size>
         <input_file_ref idref="fl-1c"/>
      </object_component>
      <object_component id="oc-70">
         <name>.text</name>
         <load_address>0x43fa</load_address>
         <run_address>0x43fa</run_address>
         <size>0x4</size>
         <input_file_ref idref="fl-153"/>
      </object_component>
      <object_component id="oc-1ac">
         <name>.const:g_pui32GPIOBaseAddrs</name>
         <load_address>0x4400</load_address>
         <run_address>0x4400</run_address>
         <size>0x90</size>
         <input_file_ref idref="fl-17"/>
      </object_component>
      <object_component id="oc-3b0">
         <name>.const</name>
         <load_address>0x4490</load_address>
         <run_address>0x4490</run_address>
         <size>0x88</size>
         <input_file_ref idref="fl-158"/>
      </object_component>
      <object_component id="oc-3be">
         <name>.const</name>
         <load_address>0x4518</load_address>
         <run_address>0x4518</run_address>
         <size>0x80</size>
         <input_file_ref idref="fl-15e"/>
      </object_component>
      <object_component id="oc-1a6">
         <name>.const</name>
         <load_address>0x4598</load_address>
         <run_address>0x4598</run_address>
         <size>0x70</size>
         <input_file_ref idref="fl-18"/>
      </object_component>
      <object_component id="oc-1b1">
         <name>.const:g_pui32Xtals</name>
         <load_address>0x4608</load_address>
         <run_address>0x4608</run_address>
         <size>0x6c</size>
         <input_file_ref idref="fl-1a"/>
      </object_component>
      <object_component id="oc-38d">
         <name>.const</name>
         <load_address>0x4674</load_address>
         <run_address>0x4674</run_address>
         <size>0x30</size>
         <input_file_ref idref="fl-159"/>
      </object_component>
      <object_component id="oc-1cc">
         <name>.const</name>
         <load_address>0x46a4</load_address>
         <run_address>0x46a4</run_address>
         <size>0x18</size>
         <input_file_ref idref="fl-3"/>
      </object_component>
      <object_component id="oc-434">
         <name>.cinit..data.load</name>
         <load_address>0x46c0</load_address>
         <run_address>0x46c0</run_address>
         <size>0x41</size>
      </object_component>
      <object_component id="oc-432">
         <name>__TI_handler_table</name>
         <load_address>0x4704</load_address>
         <run_address>0x4704</run_address>
         <size>0xc</size>
      </object_component>
      <object_component id="oc-435">
         <name>.cinit..bss.load</name>
         <load_address>0x4710</load_address>
         <run_address>0x4710</run_address>
         <size>0x8</size>
      </object_component>
      <object_component id="oc-433">
         <name>__TI_cinit_table</name>
         <load_address>0x4718</load_address>
         <run_address>0x4718</run_address>
         <size>0x10</size>
      </object_component>
      <object_component id="oc-29">
         <name>.stack</name>
         <uninitialized>true</uninitialized>
         <run_address>0x200003d0</run_address>
         <size>0x0</size>
         <input_file_ref idref="fl-140"/>
      </object_component>
      <object_component id="oc-436">
         <name>.stack</name>
         <uninitialized>true</uninitialized>
         <run_address>0x200003d0</run_address>
         <size>0x0</size>
      </object_component>
      <object_component id="oc-23a">
         <name>.bss:New_Block</name>
         <uninitialized>true</uninitialized>
         <run_address>0x20000360</run_address>
         <size>0x3c</size>
         <input_file_ref idref="fl-4"/>
      </object_component>
      <object_component id="oc-305">
         <name>.bss:new</name>
         <uninitialized>true</uninitialized>
         <run_address>0x20000318</run_address>
         <size>0x48</size>
         <input_file_ref idref="fl-8"/>
      </object_component>
      <object_component id="oc-166">
         <name>.bss:Block_Buffer</name>
         <uninitialized>true</uninitialized>
         <run_address>0x20000200</run_address>
         <size>0x80</size>
         <input_file_ref idref="fl-a"/>
      </object_component>
      <object_component id="oc-109">
         <name>.bss:RX_Buffer</name>
         <uninitialized>true</uninitialized>
         <run_address>0x20000000</run_address>
         <size>0x100</size>
         <input_file_ref idref="fl-c"/>
      </object_component>
      <object_component id="oc-10d">
         <name>.bss:TX_Buffer</name>
         <uninitialized>true</uninitialized>
         <run_address>0x20000100</run_address>
         <size>0x100</size>
         <input_file_ref idref="fl-c"/>
      </object_component>
      <object_component id="oc-151">
         <name>.bss:Motion</name>
         <uninitialized>true</uninitialized>
         <run_address>0x200002d0</run_address>
         <size>0x48</size>
         <input_file_ref idref="fl-e"/>
      </object_component>
      <object_component id="oc-207">
         <name>.bss:System</name>
         <uninitialized>true</uninitialized>
         <run_address>0x20000280</run_address>
         <size>0x50</size>
         <input_file_ref idref="fl-f"/>
      </object_component>
      <object_component id="oc-237">
         <name>.common:token</name>
         <uninitialized>true</uninitialized>
         <run_address>0x200003c0</run_address>
         <size>0xc</size>
      </object_component>
      <object_component id="oc-308">
         <name>.common:position</name>
         <uninitialized>true</uninitialized>
         <run_address>0x200003b4</run_address>
         <size>0xc</size>
      </object_component>
      <object_component id="oc-106">
         <name>.common:SerialRingBufferRX</name>
         <uninitialized>true</uninitialized>
         <run_address>0x2000039c</run_address>
         <size>0xc</size>
      </object_component>
      <object_component id="oc-10c">
         <name>.common:SerialRingBufferTX</name>
         <uninitialized>true</uninitialized>
         <run_address>0x200003a8</run_address>
         <size>0xc</size>
      </object_component>
      <object_component id="oc-2be">
         <name>.common:period</name>
         <uninitialized>true</uninitialized>
         <run_address>0x200003ce</run_address>
         <size>0x2</size>
      </object_component>
      <object_component id="oc-2c1">
         <name>.common:duty_cycle</name>
         <uninitialized>true</uninitialized>
         <run_address>0x200003cc</run_address>
         <size>0x2</size>
      </object_component>
      <object_component id="oc-198">
         <name>.data</name>
         <load_address>0x20000708</load_address>
         <run_address>0x20000708</run_address>
         <size>0x8</size>
         <input_file_ref idref="fl-145"/>
      </object_component>
      <object_component id="oc-88">
         <name>.data</name>
         <load_address>0x2000071c</load_address>
         <run_address>0x2000071c</run_address>
         <size>0x4</size>
         <input_file_ref idref="fl-156"/>
      </object_component>
      <object_component id="oc-360">
         <name>.data</name>
         <load_address>0x20000680</load_address>
         <run_address>0x20000680</run_address>
         <size>0x80</size>
         <input_file_ref idref="fl-15f"/>
      </object_component>
      <object_component id="oc-195">
         <name>.data</name>
         <load_address>0x20000700</load_address>
         <run_address>0x20000700</run_address>
         <size>0x8</size>
         <input_file_ref idref="fl-160"/>
      </object_component>
      <object_component id="oc-3a3">
         <name>.data</name>
         <load_address>0x20000718</load_address>
         <run_address>0x20000718</run_address>
         <size>0x4</size>
         <input_file_ref idref="fl-164"/>
      </object_component>
      <object_component id="oc-3d1">
         <name>.data</name>
         <load_address>0x20000710</load_address>
         <run_address>0x20000710</run_address>
         <size>0x8</size>
         <input_file_ref idref="fl-166"/>
      </object_component>
      <object_component id="oc-3ff">
         <name>.data:sigtable</name>
         <load_address>0x200005d0</load_address>
         <run_address>0x200005d0</run_address>
         <size>0xb0</size>
         <input_file_ref idref="fl-169"/>
      </object_component>
      <object_component id="oc-1f6">
         <name>.debug_info</name>
         <load_address>0x0</load_address>
         <run_address>0x0</run_address>
         <size>0x120</size>
         <input_file_ref idref="fl-2"/>
      </object_component>
      <object_component id="oc-16c">
         <name>.debug_info</name>
         <load_address>0x120</load_address>
         <run_address>0x120</run_address>
         <size>0x84</size>
         <input_file_ref idref="fl-2"/>
      </object_component>
      <object_component id="oc-116">
         <name>.debug_info</name>
         <load_address>0x1a4</load_address>
         <run_address>0x1a4</run_address>
         <size>0x18b</size>
         <input_file_ref idref="fl-2"/>
      </object_component>
      <object_component id="oc-1d6">
         <name>.debug_info</name>
         <load_address>0x32f</load_address>
         <run_address>0x32f</run_address>
         <size>0x15b</size>
         <input_file_ref idref="fl-3"/>
      </object_component>
      <object_component id="oc-1cd">
         <name>.debug_info</name>
         <load_address>0x48a</load_address>
         <run_address>0x48a</run_address>
         <size>0xd0</size>
         <input_file_ref idref="fl-3"/>
      </object_component>
      <object_component id="oc-de">
         <name>.debug_info</name>
         <load_address>0x55a</load_address>
         <run_address>0x55a</run_address>
         <size>0x119c</size>
         <input_file_ref idref="fl-3"/>
      </object_component>
      <object_component id="oc-155">
         <name>.debug_info</name>
         <load_address>0x16f6</load_address>
         <run_address>0x16f6</run_address>
         <size>0x162</size>
         <input_file_ref idref="fl-3"/>
      </object_component>
      <object_component id="oc-1df">
         <name>.debug_info</name>
         <load_address>0x1858</load_address>
         <run_address>0x1858</run_address>
         <size>0x101</size>
         <input_file_ref idref="fl-3"/>
      </object_component>
      <object_component id="oc-111">
         <name>.debug_info</name>
         <load_address>0x1959</load_address>
         <run_address>0x1959</run_address>
         <size>0x8b</size>
         <input_file_ref idref="fl-3"/>
      </object_component>
      <object_component id="oc-17c">
         <name>.debug_info</name>
         <load_address>0x19e4</load_address>
         <run_address>0x19e4</run_address>
         <size>0x2c</size>
         <input_file_ref idref="fl-3"/>
      </object_component>
      <object_component id="oc-238">
         <name>.debug_info</name>
         <load_address>0x1a10</load_address>
         <run_address>0x1a10</run_address>
         <size>0x29a</size>
         <input_file_ref idref="fl-4"/>
      </object_component>
      <object_component id="oc-23b">
         <name>.debug_info</name>
         <load_address>0x1caa</load_address>
         <run_address>0x1caa</run_address>
         <size>0xc7</size>
         <input_file_ref idref="fl-4"/>
      </object_component>
      <object_component id="oc-161">
         <name>.debug_info</name>
         <load_address>0x1d71</load_address>
         <run_address>0x1d71</run_address>
         <size>0x24b</size>
         <input_file_ref idref="fl-4"/>
      </object_component>
      <object_component id="oc-318">
         <name>.debug_info</name>
         <load_address>0x1fbc</load_address>
         <run_address>0x1fbc</run_address>
         <size>0x26f</size>
         <input_file_ref idref="fl-4"/>
      </object_component>
      <object_component id="oc-30e">
         <name>.debug_info</name>
         <load_address>0x222b</load_address>
         <run_address>0x222b</run_address>
         <size>0xfe</size>
         <input_file_ref idref="fl-4"/>
      </object_component>
      <object_component id="oc-34">
         <name>.debug_info</name>
         <load_address>0x2329</load_address>
         <run_address>0x2329</run_address>
         <size>0x1c7</size>
         <input_file_ref idref="fl-5"/>
      </object_component>
      <object_component id="oc-18f">
         <name>.debug_info</name>
         <load_address>0x24f0</load_address>
         <run_address>0x24f0</run_address>
         <size>0x162</size>
         <input_file_ref idref="fl-6"/>
      </object_component>
      <object_component id="oc-2fe">
         <name>.debug_info</name>
         <load_address>0x2652</load_address>
         <run_address>0x2652</run_address>
         <size>0x270</size>
         <input_file_ref idref="fl-7"/>
      </object_component>
      <object_component id="oc-1fd">
         <name>.debug_info</name>
         <load_address>0x28c2</load_address>
         <run_address>0x28c2</run_address>
         <size>0x9ab</size>
         <input_file_ref idref="fl-7"/>
      </object_component>
      <object_component id="oc-309">
         <name>.debug_info</name>
         <load_address>0x326d</load_address>
         <run_address>0x326d</run_address>
         <size>0x1fc</size>
         <input_file_ref idref="fl-8"/>
      </object_component>
      <object_component id="oc-306">
         <name>.debug_info</name>
         <load_address>0x3469</load_address>
         <run_address>0x3469</run_address>
         <size>0xbc</size>
         <input_file_ref idref="fl-8"/>
      </object_component>
      <object_component id="oc-202">
         <name>.debug_info</name>
         <load_address>0x3525</load_address>
         <run_address>0x3525</run_address>
         <size>0x2bd</size>
         <input_file_ref idref="fl-8"/>
      </object_component>
      <object_component id="oc-31e">
         <name>.debug_info</name>
         <load_address>0x37e2</load_address>
         <run_address>0x37e2</run_address>
         <size>0xee</size>
         <input_file_ref idref="fl-9"/>
      </object_component>
      <object_component id="oc-222">
         <name>.debug_info</name>
         <load_address>0x38d0</load_address>
         <run_address>0x38d0</run_address>
         <size>0x433</size>
         <input_file_ref idref="fl-9"/>
      </object_component>
      <object_component id="oc-240">
         <name>.debug_info</name>
         <load_address>0x3d03</load_address>
         <run_address>0x3d03</run_address>
         <size>0x3ff</size>
         <input_file_ref idref="fl-a"/>
      </object_component>
      <object_component id="oc-167">
         <name>.debug_info</name>
         <load_address>0x4102</load_address>
         <run_address>0x4102</run_address>
         <size>0xcf</size>
         <input_file_ref idref="fl-a"/>
      </object_component>
      <object_component id="oc-45">
         <name>.debug_info</name>
         <load_address>0x41d1</load_address>
         <run_address>0x41d1</run_address>
         <size>0x352</size>
         <input_file_ref idref="fl-a"/>
      </object_component>
      <object_component id="oc-330">
         <name>.debug_info</name>
         <load_address>0x4523</load_address>
         <run_address>0x4523</run_address>
         <size>0xc8</size>
         <input_file_ref idref="fl-a"/>
      </object_component>
      <object_component id="oc-226">
         <name>.debug_info</name>
         <load_address>0x45eb</load_address>
         <run_address>0x45eb</run_address>
         <size>0x198</size>
         <input_file_ref idref="fl-b"/>
      </object_component>
      <object_component id="oc-15d">
         <name>.debug_info</name>
         <load_address>0x4783</load_address>
         <run_address>0x4783</run_address>
         <size>0x2d5</size>
         <input_file_ref idref="fl-b"/>
      </object_component>
      <object_component id="oc-107">
         <name>.debug_info</name>
         <load_address>0x4a58</load_address>
         <run_address>0x4a58</run_address>
         <size>0x53e</size>
         <input_file_ref idref="fl-c"/>
      </object_component>
      <object_component id="oc-10a">
         <name>.debug_info</name>
         <load_address>0x4f96</load_address>
         <run_address>0x4f96</run_address>
         <size>0xc7</size>
         <input_file_ref idref="fl-c"/>
      </object_component>
      <object_component id="oc-10e">
         <name>.debug_info</name>
         <load_address>0x505d</load_address>
         <run_address>0x505d</run_address>
         <size>0xc7</size>
         <input_file_ref idref="fl-c"/>
      </object_component>
      <object_component id="oc-37">
         <name>.debug_info</name>
         <load_address>0x5124</load_address>
         <run_address>0x5124</run_address>
         <size>0x61b</size>
         <input_file_ref idref="fl-c"/>
      </object_component>
      <object_component id="oc-2bf">
         <name>.debug_info</name>
         <load_address>0x573f</load_address>
         <run_address>0x573f</run_address>
         <size>0x33e</size>
         <input_file_ref idref="fl-d"/>
      </object_component>
      <object_component id="oc-1f2">
         <name>.debug_info</name>
         <load_address>0x5a7d</load_address>
         <run_address>0x5a7d</run_address>
         <size>0x2c5</size>
         <input_file_ref idref="fl-d"/>
      </object_component>
      <object_component id="oc-152">
         <name>.debug_info</name>
         <load_address>0x5d42</load_address>
         <run_address>0x5d42</run_address>
         <size>0xc2</size>
         <input_file_ref idref="fl-e"/>
      </object_component>
      <object_component id="oc-3d">
         <name>.debug_info</name>
         <load_address>0x5e04</load_address>
         <run_address>0x5e04</run_address>
         <size>0x47c</size>
         <input_file_ref idref="fl-e"/>
      </object_component>
      <object_component id="oc-21a">
         <name>.debug_info</name>
         <load_address>0x6280</load_address>
         <run_address>0x6280</run_address>
         <size>0x253</size>
         <input_file_ref idref="fl-f"/>
      </object_component>
      <object_component id="oc-208">
         <name>.debug_info</name>
         <load_address>0x64d3</load_address>
         <run_address>0x64d3</run_address>
         <size>0xc1</size>
         <input_file_ref idref="fl-f"/>
      </object_component>
      <object_component id="oc-141">
         <name>.debug_info</name>
         <load_address>0x6594</load_address>
         <run_address>0x6594</run_address>
         <size>0x745</size>
         <input_file_ref idref="fl-f"/>
      </object_component>
      <object_component id="oc-4a">
         <name>.debug_info</name>
         <load_address>0x6cd9</load_address>
         <run_address>0x6cd9</run_address>
         <size>0x171</size>
         <input_file_ref idref="fl-10"/>
      </object_component>
      <object_component id="oc-10">
         <name>.debug_info</name>
         <load_address>0x6e4a</load_address>
         <run_address>0x6e4a</run_address>
         <size>0xe0</size>
         <input_file_ref idref="fl-10"/>
      </object_component>
      <object_component id="oc-2c">
         <name>.debug_info</name>
         <load_address>0x6f2a</load_address>
         <run_address>0x6f2a</run_address>
         <size>0x25c</size>
         <input_file_ref idref="fl-10"/>
      </object_component>
      <object_component id="oc-1a3">
         <name>.debug_info</name>
         <load_address>0x7186</load_address>
         <run_address>0x7186</run_address>
         <size>0x230</size>
         <input_file_ref idref="fl-17"/>
      </object_component>
      <object_component id="oc-1ad">
         <name>.debug_info</name>
         <load_address>0x73b6</load_address>
         <run_address>0x73b6</run_address>
         <size>0x15b</size>
         <input_file_ref idref="fl-17"/>
      </object_component>
      <object_component id="oc-137">
         <name>.debug_info</name>
         <load_address>0x7511</load_address>
         <run_address>0x7511</run_address>
         <size>0x2a3</size>
         <input_file_ref idref="fl-17"/>
      </object_component>
      <object_component id="oc-97">
         <name>.debug_info</name>
         <load_address>0x77b4</load_address>
         <run_address>0x77b4</run_address>
         <size>0x2b3</size>
         <input_file_ref idref="fl-17"/>
      </object_component>
      <object_component id="oc-9d">
         <name>.debug_info</name>
         <load_address>0x7a67</load_address>
         <run_address>0x7a67</run_address>
         <size>0x316</size>
         <input_file_ref idref="fl-17"/>
      </object_component>
      <object_component id="oc-bc">
         <name>.debug_info</name>
         <load_address>0x7d7d</load_address>
         <run_address>0x7d7d</run_address>
         <size>0x27b</size>
         <input_file_ref idref="fl-17"/>
      </object_component>
      <object_component id="oc-298">
         <name>.debug_info</name>
         <load_address>0x7ff8</load_address>
         <run_address>0x7ff8</run_address>
         <size>0x279</size>
         <input_file_ref idref="fl-17"/>
      </object_component>
      <object_component id="oc-11f">
         <name>.debug_info</name>
         <load_address>0x8271</load_address>
         <run_address>0x8271</run_address>
         <size>0x2b7</size>
         <input_file_ref idref="fl-17"/>
      </object_component>
      <object_component id="oc-b6">
         <name>.debug_info</name>
         <load_address>0x8528</load_address>
         <run_address>0x8528</run_address>
         <size>0x280</size>
         <input_file_ref idref="fl-17"/>
      </object_component>
      <object_component id="oc-a3">
         <name>.debug_info</name>
         <load_address>0x87a8</load_address>
         <run_address>0x87a8</run_address>
         <size>0x2bb</size>
         <input_file_ref idref="fl-17"/>
      </object_component>
      <object_component id="oc-ae">
         <name>.debug_info</name>
         <load_address>0x8a63</load_address>
         <run_address>0x8a63</run_address>
         <size>0x28f</size>
         <input_file_ref idref="fl-17"/>
      </object_component>
      <object_component id="oc-1aa">
         <name>.debug_info</name>
         <load_address>0x8cf2</load_address>
         <run_address>0x8cf2</run_address>
         <size>0x20e</size>
         <input_file_ref idref="fl-18"/>
      </object_component>
      <object_component id="oc-1a7">
         <name>.debug_info</name>
         <load_address>0x8f00</load_address>
         <run_address>0x8f00</run_address>
         <size>0x210</size>
         <input_file_ref idref="fl-18"/>
      </object_component>
      <object_component id="oc-d3">
         <name>.debug_info</name>
         <load_address>0x9110</load_address>
         <run_address>0x9110</run_address>
         <size>0x23e</size>
         <input_file_ref idref="fl-18"/>
      </object_component>
      <object_component id="oc-1d2">
         <name>.debug_info</name>
         <load_address>0x934e</load_address>
         <run_address>0x934e</run_address>
         <size>0x240</size>
         <input_file_ref idref="fl-18"/>
      </object_component>
      <object_component id="oc-a9">
         <name>.debug_info</name>
         <load_address>0x958e</load_address>
         <run_address>0x958e</run_address>
         <size>0x268</size>
         <input_file_ref idref="fl-18"/>
      </object_component>
      <object_component id="oc-345">
         <name>.debug_info</name>
         <load_address>0x97f6</load_address>
         <run_address>0x97f6</run_address>
         <size>0x1ed</size>
         <input_file_ref idref="fl-19"/>
      </object_component>
      <object_component id="oc-2b3">
         <name>.debug_info</name>
         <load_address>0x99e3</load_address>
         <run_address>0x99e3</run_address>
         <size>0x2f6</size>
         <input_file_ref idref="fl-19"/>
      </object_component>
      <object_component id="oc-2b9">
         <name>.debug_info</name>
         <load_address>0x9cd9</load_address>
         <run_address>0x9cd9</run_address>
         <size>0x2c4</size>
         <input_file_ref idref="fl-19"/>
      </object_component>
      <object_component id="oc-2a7">
         <name>.debug_info</name>
         <load_address>0x9f9d</load_address>
         <run_address>0x9f9d</run_address>
         <size>0x2b6</size>
         <input_file_ref idref="fl-19"/>
      </object_component>
      <object_component id="oc-2ad">
         <name>.debug_info</name>
         <load_address>0xa253</load_address>
         <run_address>0xa253</run_address>
         <size>0x276</size>
         <input_file_ref idref="fl-19"/>
      </object_component>
      <object_component id="oc-2a1">
         <name>.debug_info</name>
         <load_address>0xa4c9</load_address>
         <run_address>0xa4c9</run_address>
         <size>0x2b3</size>
         <input_file_ref idref="fl-19"/>
      </object_component>
      <object_component id="oc-1a1">
         <name>.debug_info</name>
         <load_address>0xa77c</load_address>
         <run_address>0xa77c</run_address>
         <size>0x27f</size>
         <input_file_ref idref="fl-1a"/>
      </object_component>
      <object_component id="oc-1b2">
         <name>.debug_info</name>
         <load_address>0xa9fb</load_address>
         <run_address>0xa9fb</run_address>
         <size>0x14d</size>
         <input_file_ref idref="fl-1a"/>
      </object_component>
      <object_component id="oc-8e">
         <name>.debug_info</name>
         <load_address>0xab48</load_address>
         <run_address>0xab48</run_address>
         <size>0x27d</size>
         <input_file_ref idref="fl-1a"/>
      </object_component>
      <object_component id="oc-290">
         <name>.debug_info</name>
         <load_address>0xadc5</load_address>
         <run_address>0xadc5</run_address>
         <size>0x263</size>
         <input_file_ref idref="fl-1a"/>
      </object_component>
      <object_component id="oc-29c">
         <name>.debug_info</name>
         <load_address>0xb028</load_address>
         <run_address>0xb028</run_address>
         <size>0x22d</size>
         <input_file_ref idref="fl-1a"/>
      </object_component>
      <object_component id="oc-251">
         <name>.debug_info</name>
         <load_address>0xb255</load_address>
         <run_address>0xb255</run_address>
         <size>0x2db</size>
         <input_file_ref idref="fl-1a"/>
      </object_component>
      <object_component id="oc-bf">
         <name>.debug_info</name>
         <load_address>0xb530</load_address>
         <run_address>0xb530</run_address>
         <size>0x2b5</size>
         <input_file_ref idref="fl-1a"/>
      </object_component>
      <object_component id="oc-26d">
         <name>.debug_info</name>
         <load_address>0xb7e5</load_address>
         <run_address>0xb7e5</run_address>
         <size>0x5f</size>
         <input_file_ref idref="fl-1a"/>
      </object_component>
      <object_component id="oc-1ea">
         <name>.debug_info</name>
         <load_address>0xb844</load_address>
         <run_address>0xb844</run_address>
         <size>0x223</size>
         <input_file_ref idref="fl-1b"/>
      </object_component>
      <object_component id="oc-13b">
         <name>.debug_info</name>
         <load_address>0xba67</load_address>
         <run_address>0xba67</run_address>
         <size>0x2ba</size>
         <input_file_ref idref="fl-1b"/>
      </object_component>
      <object_component id="oc-14d">
         <name>.debug_info</name>
         <load_address>0xbd21</load_address>
         <run_address>0xbd21</run_address>
         <size>0x294</size>
         <input_file_ref idref="fl-1b"/>
      </object_component>
      <object_component id="oc-12f">
         <name>.debug_info</name>
         <load_address>0xbfb5</load_address>
         <run_address>0xbfb5</run_address>
         <size>0x292</size>
         <input_file_ref idref="fl-1b"/>
      </object_component>
      <object_component id="oc-129">
         <name>.debug_info</name>
         <load_address>0xc247</load_address>
         <run_address>0xc247</run_address>
         <size>0x27f</size>
         <input_file_ref idref="fl-1b"/>
      </object_component>
      <object_component id="oc-147">
         <name>.debug_info</name>
         <load_address>0xc4c6</load_address>
         <run_address>0xc4c6</run_address>
         <size>0x281</size>
         <input_file_ref idref="fl-1b"/>
      </object_component>
      <object_component id="oc-123">
         <name>.debug_info</name>
         <load_address>0xc747</load_address>
         <run_address>0xc747</run_address>
         <size>0x28c</size>
         <input_file_ref idref="fl-1b"/>
      </object_component>
      <object_component id="oc-1c2">
         <name>.debug_info</name>
         <load_address>0xc9d3</load_address>
         <run_address>0xc9d3</run_address>
         <size>0x227</size>
         <input_file_ref idref="fl-1c"/>
      </object_component>
      <object_component id="oc-e9">
         <name>.debug_info</name>
         <load_address>0xcbfa</load_address>
         <run_address>0xcbfa</run_address>
         <size>0x27f</size>
         <input_file_ref idref="fl-1c"/>
      </object_component>
      <object_component id="oc-d7">
         <name>.debug_info</name>
         <load_address>0xce79</load_address>
         <run_address>0xce79</run_address>
         <size>0x28f</size>
         <input_file_ref idref="fl-1c"/>
      </object_component>
      <object_component id="oc-f5">
         <name>.debug_info</name>
         <load_address>0xd108</load_address>
         <run_address>0xd108</run_address>
         <size>0x291</size>
         <input_file_ref idref="fl-1c"/>
      </object_component>
      <object_component id="oc-ef">
         <name>.debug_info</name>
         <load_address>0xd399</load_address>
         <run_address>0xd399</run_address>
         <size>0x28d</size>
         <input_file_ref idref="fl-1c"/>
      </object_component>
      <object_component id="oc-cb">
         <name>.debug_info</name>
         <load_address>0xd626</load_address>
         <run_address>0xd626</run_address>
         <size>0x2cf</size>
         <input_file_ref idref="fl-1c"/>
      </object_component>
      <object_component id="oc-1bc">
         <name>.debug_info</name>
         <load_address>0xd8f5</load_address>
         <run_address>0xd8f5</run_address>
         <size>0x247</size>
         <input_file_ref idref="fl-1c"/>
      </object_component>
      <object_component id="oc-1b6">
         <name>.debug_info</name>
         <load_address>0xdb3c</load_address>
         <run_address>0xdb3c</run_address>
         <size>0x249</size>
         <input_file_ref idref="fl-1c"/>
      </object_component>
      <object_component id="oc-c5">
         <name>.debug_info</name>
         <load_address>0xdd85</load_address>
         <run_address>0xdd85</run_address>
         <size>0x326</size>
         <input_file_ref idref="fl-1c"/>
      </object_component>
      <object_component id="oc-101">
         <name>.debug_info</name>
         <load_address>0xe0ab</load_address>
         <run_address>0xe0ab</run_address>
         <size>0x253</size>
         <input_file_ref idref="fl-1c"/>
      </object_component>
      <object_component id="oc-e3">
         <name>.debug_info</name>
         <load_address>0xe2fe</load_address>
         <run_address>0xe2fe</run_address>
         <size>0x273</size>
         <input_file_ref idref="fl-1c"/>
      </object_component>
      <object_component id="oc-fb">
         <name>.debug_info</name>
         <load_address>0xe571</load_address>
         <run_address>0xe571</run_address>
         <size>0x263</size>
         <input_file_ref idref="fl-1c"/>
      </object_component>
      <object_component id="oc-1c5">
         <name>.debug_info</name>
         <load_address>0xe7d4</load_address>
         <run_address>0xe7d4</run_address>
         <size>0x212</size>
         <input_file_ref idref="fl-1d"/>
      </object_component>
      <object_component id="oc-284">
         <name>.debug_info</name>
         <load_address>0xe9e6</load_address>
         <run_address>0xe9e6</run_address>
         <size>0x20f</size>
         <input_file_ref idref="fl-1d"/>
      </object_component>
      <object_component id="oc-373">
         <name>.debug_info</name>
         <load_address>0xebf5</load_address>
         <run_address>0xebf5</run_address>
         <size>0x116</size>
         <input_file_ref idref="fl-13f"/>
      </object_component>
      <object_component id="oc-2e1">
         <name>.debug_info</name>
         <load_address>0xed0b</load_address>
         <run_address>0xed0b</run_address>
         <size>0x204</size>
         <input_file_ref idref="fl-13f"/>
      </object_component>
      <object_component id="oc-25">
         <name>.debug_info</name>
         <load_address>0xef0f</load_address>
         <run_address>0xef0f</run_address>
         <size>0x134</size>
         <input_file_ref idref="fl-140"/>
      </object_component>
      <object_component id="oc-56">
         <name>.debug_info</name>
         <load_address>0xf043</load_address>
         <run_address>0xf043</run_address>
         <size>0x121</size>
         <input_file_ref idref="fl-141"/>
      </object_component>
      <object_component id="oc-13">
         <name>.debug_info</name>
         <load_address>0xf164</load_address>
         <run_address>0xf164</run_address>
         <size>0x1c0</size>
         <input_file_ref idref="fl-141"/>
      </object_component>
      <object_component id="oc-51">
         <name>.debug_info</name>
         <load_address>0xf324</load_address>
         <run_address>0xf324</run_address>
         <size>0x46</size>
         <input_file_ref idref="fl-141"/>
      </object_component>
      <object_component id="oc-172">
         <name>.debug_info</name>
         <load_address>0xf36a</load_address>
         <run_address>0xf36a</run_address>
         <size>0x2c</size>
         <input_file_ref idref="fl-141"/>
      </object_component>
      <object_component id="oc-5e">
         <name>.debug_info</name>
         <load_address>0xf396</load_address>
         <run_address>0xf396</run_address>
         <size>0x115</size>
         <input_file_ref idref="fl-142"/>
      </object_component>
      <object_component id="oc-58">
         <name>.debug_info</name>
         <load_address>0xf4ab</load_address>
         <run_address>0xf4ab</run_address>
         <size>0x228</size>
         <input_file_ref idref="fl-142"/>
      </object_component>
      <object_component id="oc-19">
         <name>.debug_info</name>
         <load_address>0xf6d3</load_address>
         <run_address>0xf6d3</run_address>
         <size>0x192</size>
         <input_file_ref idref="fl-142"/>
      </object_component>
      <object_component id="oc-5f">
         <name>.debug_info</name>
         <load_address>0xf865</load_address>
         <run_address>0xf865</run_address>
         <size>0x39</size>
         <input_file_ref idref="fl-142"/>
      </object_component>
      <object_component id="oc-6f">
         <name>.debug_info</name>
         <load_address>0xf89e</load_address>
         <run_address>0xf89e</run_address>
         <size>0x110</size>
         <input_file_ref idref="fl-143"/>
      </object_component>
      <object_component id="oc-1f">
         <name>.debug_info</name>
         <load_address>0xf9ae</load_address>
         <run_address>0xf9ae</run_address>
         <size>0x18b</size>
         <input_file_ref idref="fl-143"/>
      </object_component>
      <object_component id="oc-6a">
         <name>.debug_info</name>
         <load_address>0xfb39</load_address>
         <run_address>0xfb39</run_address>
         <size>0x46</size>
         <input_file_ref idref="fl-143"/>
      </object_component>
      <object_component id="oc-2f1">
         <name>.debug_info</name>
         <load_address>0xfb7f</load_address>
         <run_address>0xfb7f</run_address>
         <size>0x11b</size>
         <input_file_ref idref="fl-144"/>
      </object_component>
      <object_component id="oc-19c">
         <name>.debug_info</name>
         <load_address>0xfc9a</load_address>
         <run_address>0xfc9a</run_address>
         <size>0x172</size>
         <input_file_ref idref="fl-145"/>
      </object_component>
      <object_component id="oc-199">
         <name>.debug_info</name>
         <load_address>0xfe0c</load_address>
         <run_address>0xfe0c</run_address>
         <size>0x117</size>
         <input_file_ref idref="fl-145"/>
      </object_component>
      <object_component id="oc-84">
         <name>.debug_info</name>
         <load_address>0xff23</load_address>
         <run_address>0xff23</run_address>
         <size>0x1ee</size>
         <input_file_ref idref="fl-145"/>
      </object_component>
      <object_component id="oc-2ca">
         <name>.debug_info</name>
         <load_address>0x10111</load_address>
         <run_address>0x10111</run_address>
         <size>0x129</size>
         <input_file_ref idref="fl-146"/>
      </object_component>
      <object_component id="oc-2c6">
         <name>.debug_info</name>
         <load_address>0x1023a</load_address>
         <run_address>0x1023a</run_address>
         <size>0x105</size>
         <input_file_ref idref="fl-147"/>
      </object_component>
      <object_component id="oc-2e6">
         <name>.debug_info</name>
         <load_address>0x1033f</load_address>
         <run_address>0x1033f</run_address>
         <size>0x107</size>
         <input_file_ref idref="fl-147"/>
      </object_component>
      <object_component id="oc-2db">
         <name>.debug_info</name>
         <load_address>0x10446</load_address>
         <run_address>0x10446</run_address>
         <size>0x117</size>
         <input_file_ref idref="fl-148"/>
      </object_component>
      <object_component id="oc-210">
         <name>.debug_info</name>
         <load_address>0x1055d</load_address>
         <run_address>0x1055d</run_address>
         <size>0x117</size>
         <input_file_ref idref="fl-149"/>
      </object_component>
      <object_component id="oc-216">
         <name>.debug_info</name>
         <load_address>0x10674</load_address>
         <run_address>0x10674</run_address>
         <size>0x112</size>
         <input_file_ref idref="fl-14a"/>
      </object_component>
      <object_component id="oc-234">
         <name>.debug_info</name>
         <load_address>0x10786</load_address>
         <run_address>0x10786</run_address>
         <size>0x116</size>
         <input_file_ref idref="fl-14b"/>
      </object_component>
      <object_component id="oc-376">
         <name>.debug_info</name>
         <load_address>0x1089c</load_address>
         <run_address>0x1089c</run_address>
         <size>0x113</size>
         <input_file_ref idref="fl-14c"/>
      </object_component>
      <object_component id="oc-2ec">
         <name>.debug_info</name>
         <load_address>0x109af</load_address>
         <run_address>0x109af</run_address>
         <size>0x1a6</size>
         <input_file_ref idref="fl-14c"/>
      </object_component>
      <object_component id="oc-229">
         <name>.debug_info</name>
         <load_address>0x10b55</load_address>
[...]
      <symbol id="sm-2ff">
         <name>system_update_position</name>
         <value>0x126d</value>
         <object_component_ref idref="oc-13f"/>
      </symbol>
      <symbol id="sm-300">
         <name>system_get_postion</name>
         <value>0x1309</value>
         <object_component_ref idref="oc-13f"/>
      </symbol>
      <symbol id="sm-301">
         <name>system_get_position_rt</name>
         <value>0x1305</value>
         <object_component_ref idref="oc-13f"/>
      </symbol>
      <symbol id="sm-302">
         <name>system_check_status</name>
         <value>0x1429</value>
         <object_component_ref idref="oc-13f"/>
      </symbol>
      <symbol id="sm-303">
         <name>system_get_modal</name>
         <value>0xfcd</value>
         <object_component_ref idref="oc-13f"/>
      </symbol>
      <symbol id="sm-304">
         <name>system_check_same_position</name>
         <value>0x131d</value>
         <object_component_ref idref="oc-13f"/>
      </symbol>
      <symbol id="sm-320">
         <name>ResetISR</name>
         <value>0x43a1</value>
         <object_component_ref idref="oc-2a"/>
      </symbol>
      <symbol id="sm-321">
         <name>g_pfnVectors</name>
         <value>0x0</value>
         <object_component_ref idref="oc-f"/>
      </symbol>
      <symbol id="sm-37c">
         <name>GPIOPinTypePWM</name>
         <value>0x42a9</value>
         <object_component_ref idref="oc-294"/>
      </symbol>
      <symbol id="sm-37d">
         <name>GPIOPinConfigure</name>
         <value>0x3da9</value>
         <object_component_ref idref="oc-b2"/>
      </symbol>
      <symbol id="sm-37e">
         <name>GPIOIntEnable</name>
         <value>0x4371</value>
         <object_component_ref idref="oc-ab"/>
      </symbol>
      <symbol id="sm-37f">
         <name>GPIOIntTypeSet</name>
         <value>0x3c69</value>
         <object_component_ref idref="oc-9f"/>
      </symbol>
      <symbol id="sm-380">
         <name>GPIOPinTypeUART</name>
         <value>0x42bb</value>
         <object_component_ref idref="oc-b8"/>
      </symbol>
      <symbol id="sm-381">
         <name>GPIOPinTypeGPIOOutput</name>
         <value>0x420b</value>
         <object_component_ref idref="oc-11b"/>
      </symbol>
      <symbol id="sm-382">
         <name>GPIODirModeSet</name>
         <value>0x4101</value>
         <object_component_ref idref="oc-93"/>
      </symbol>
      <symbol id="sm-383">
         <name>GPIOPinWrite</name>
         <value>0x43db</value>
         <object_component_ref idref="oc-133"/>
      </symbol>
      <symbol id="sm-384">
         <name>GPIOPadConfigSet</name>
         <value>0x2dbf</value>
         <object_component_ref idref="oc-99"/>
      </symbol>
      <symbol id="sm-3bd">
         <name>IntEnable</name>
         <value>0x3b39</value>
         <object_component_ref idref="oc-a5"/>
      </symbol>
      <symbol id="sm-3be">
         <name>IntMasterDisable</name>
         <value>0x42f1</value>
         <object_component_ref idref="oc-1cf"/>
      </symbol>
      <symbol id="sm-3bf">
         <name>IntMasterEnable</name>
         <value>0x4301</value>
         <object_component_ref idref="oc-d0"/>
      </symbol>
      <symbol id="sm-3ec">
         <name>PWMGenPeriodSet</name>
         <value>0x4311</value>
         <object_component_ref idref="oc-2a6"/>
      </symbol>
      <symbol id="sm-3ed">
         <name>PWMPulseWidthSet</name>
         <value>0x41b9</value>
         <object_component_ref idref="oc-2b2"/>
      </symbol>
      <symbol id="sm-3ee">
         <name>PWMOutputState</name>
         <value>0x42cd</value>
         <object_component_ref idref="oc-2b8"/>
      </symbol>
      <symbol id="sm-3ef">
         <name>PWMGenEnable</name>
         <value>0x437d</value>
         <object_component_ref idref="oc-2ac"/>
      </symbol>
      <symbol id="sm-3f0">
         <name>PWMGenConfigure</name>
         <value>0x4155</value>
         <object_component_ref idref="oc-2a0"/>
      </symbol>
      <symbol id="sm-456">
         <name>SysCtlClockSet</name>
         <value>0x320d</value>
         <object_component_ref idref="oc-24f"/>
      </symbol>
      <symbol id="sm-457">
         <name>SysCtlPWMClockGet</name>
         <value>0x4225</value>
         <object_component_ref idref="oc-29a"/>
      </symbol>
      <symbol id="sm-458">
         <name>SysCtlDelay</name>
         <value>0x43e1</value>
         <object_component_ref idref="oc-2fc"/>
      </symbol>
      <symbol id="sm-459">
         <name>SysCtlPeripheralEnable</name>
         <value>0x400d</value>
         <object_component_ref idref="oc-8d"/>
      </symbol>
      <symbol id="sm-45a">
         <name>SysCtlClockGet</name>
         <value>0x2ef1</value>
         <object_component_ref idref="oc-be"/>
      </symbol>
      <symbol id="sm-45b">
         <name>SysCtlPWMClockSet</name>
         <value>0x426d</value>
         <object_component_ref idref="oc-28e"/>
      </symbol>
      <symbol id="sm-499">
         <name>TimerLoadSet</name>
         <value>0x42df</value>
         <object_component_ref idref="oc-139"/>
      </symbol>
      <symbol id="sm-49a">
         <name>TimerDisable</name>
         <value>0x423d</value>
         <object_component_ref idref="oc-145"/>
      </symbol>
      <symbol id="sm-49b">
         <name>TimerEnable</name>
         <value>0x4321</value>
         <object_component_ref idref="oc-127"/>
      </symbol>
      <symbol id="sm-49c">
         <name>TimerIntEnable</name>
         <value>0x43cb</value>
         <object_component_ref idref="oc-14b"/>
      </symbol>
      <symbol id="sm-49d">
         <name>TimerConfigure</name>
         <value>0x3c09</value>
         <object_component_ref idref="oc-121"/>
      </symbol>
      <symbol id="sm-49e">
         <name>TimerIntClear</name>
         <value>0x43f3</value>
         <object_component_ref idref="oc-12d"/>
      </symbol>
      <symbol id="sm-500">
         <name>UARTConfigSetExpClk</name>
         <value>0x3e81</value>
         <object_component_ref idref="oc-c4"/>
      </symbol>
      <symbol id="sm-501">
         <name>UARTDisable</name>
         <value>0x4199</value>
         <object_component_ref idref="oc-1b5"/>
      </symbol>
      <symbol id="sm-502">
         <name>UARTIntEnable</name>
         <value>0x43d3</value>
         <object_component_ref idref="oc-d6"/>
      </symbol>
      <symbol id="sm-503">
         <name>UARTCharsAvail</name>
         <value>0x433d</value>
         <object_component_ref idref="oc-100"/>
      </symbol>
      <symbol id="sm-504">
         <name>UARTCharGetNonBlocking</name>
         <value>0x432f</value>
         <object_component_ref idref="oc-fa"/>
      </symbol>
      <symbol id="sm-505">
         <name>UARTIntDisable</name>
         <value>0x43b7</value>
         <object_component_ref idref="oc-f4"/>
      </symbol>
      <symbol id="sm-506">
         <name>UARTCharPut</name>
         <value>0x43ad</value>
         <object_component_ref idref="oc-e2"/>
      </symbol>
      <symbol id="sm-507">
         <name>UARTEnable</name>
         <value>0x4281</value>
         <object_component_ref idref="oc-1bb"/>
      </symbol>
      <symbol id="sm-508">
         <name>UARTIntClear</name>
         <value>0x43f7</value>
         <object_component_ref idref="oc-ee"/>
      </symbol>
      <symbol id="sm-509">
         <name>UARTIntStatus</name>
         <value>0x43c1</value>
         <object_component_ref idref="oc-e8"/>
      </symbol>
      <symbol id="sm-50a">
         <name>UARTFIFOLevelSet</name>
         <value>0x43e7</value>
         <object_component_ref idref="oc-ca"/>
      </symbol>
      <symbol id="sm-51c">
         <name>CPUcpsie</name>
         <value>0x4365</value>
         <object_component_ref idref="oc-1c4"/>
      </symbol>
      <symbol id="sm-51d">
         <name>CPUcpsid</name>
         <value>0x4359</value>
         <object_component_ref idref="oc-283"/>
      </symbol>
      <symbol id="sm-53e">
         <name>atan2</name>
         <value>0x2851</value>
         <object_component_ref idref="oc-2df"/>
      </symbol>
      <symbol id="sm-550">
         <name>_c_int00</name>
         <value>0x3cc1</value>
         <object_component_ref idref="oc-24"/>
      </symbol>
      <symbol id="sm-551">
         <name>__stack</name>
         <value>0x200003d0</value>
         <object_component_ref idref="oc-29"/>
      </symbol>
      <symbol id="sm-568">
         <name>__TI_decompress_none</name>
         <value>0x434b</value>
         <object_component_ref idref="oc-12"/>
      </symbol>
      <symbol id="sm-58b">
         <name>__TI_decompress_rle24</name>
         <value>0x43ed</value>
         <object_component_ref idref="oc-18"/>
      </symbol>
      <symbol id="sm-59d">
         <name>__TI_zero_init</name>
         <value>0x4395</value>
         <object_component_ref idref="oc-1e"/>
      </symbol>
      <symbol id="sm-5a7">
         <name>cos</name>
         <value>0x41d7</value>
         <object_component_ref idref="oc-2f0"/>
      </symbol>
      <symbol id="sm-5c6">
         <name>C$$EXIT</name>
         <value>0x3f0d</value>
         <object_component_ref idref="oc-82"/>
      </symbol>
      <symbol id="sm-5c7">
         <name>abort</name>
         <value>0x3f11</value>
         <object_component_ref idref="oc-82"/>
      </symbol>
      <symbol id="sm-5c8">
         <name>exit</name>
         <value>0x3f19</value>
         <object_component_ref idref="oc-82"/>
      </symbol>
      <symbol id="sm-5c9">
         <name>__TI_dtors_ptr</name>
         <value>0x2000070c</value>
         <object_component_ref idref="oc-198"/>
      </symbol>
      <symbol id="sm-5ca">
         <name>__TI_cleanup_ptr</name>
         <value>0x20000708</value>
         <object_component_ref idref="oc-198"/>
      </symbol>
      <symbol id="sm-5ee">
         <name>__aeabi_dsub</name>
         <value>0x250d</value>
         <object_component_ref idref="oc-2c9"/>
      </symbol>
      <symbol id="sm-5ef">
         <name>__aeabi_dadd</name>
         <value>0x2517</value>
         <object_component_ref idref="oc-2c9"/>
      </symbol>
      <symbol id="sm-616">
         <name>__aeabi_cdcmpeq</name>
         <value>0x38d9</value>
         <object_component_ref idref="oc-2c4"/>
      </symbol>
      <symbol id="sm-617">
         <name>__aeabi_cdcmple</name>
         <value>0x38d9</value>
         <object_component_ref idref="oc-2c4"/>
      </symbol>
      <symbol id="sm-618">
         <name>__aeabi_cdrcmple</name>
         <value>0x395f</value>
         <object_component_ref idref="oc-2e5"/>
      </symbol>
      <symbol id="sm-638">
         <name>__aeabi_ddiv</name>
         <value>0x2c89</value>
         <object_component_ref idref="oc-2da"/>
      </symbol>
      <symbol id="sm-64f">
         <name>__aeabi_dmul</name>
         <value>0x3111</value>
         <object_component_ref idref="oc-20f"/>
      </symbol>
      <symbol id="sm-65c">
         <name>__aeabi_d2f</name>
         <value>0x3e39</value>
         <object_component_ref idref="oc-214"/>
      </symbol>
      <symbol id="sm-669">
         <name>__aeabi_d2uiz</name>
         <value>0x3f51</value>
         <object_component_ref idref="oc-232"/>
      </symbol>
      <symbol id="sm-682">
         <name>floor</name>
         <value>0x33ed</value>
         <object_component_ref idref="oc-2ea"/>
      </symbol>
      <symbol id="sm-690">
         <name>__aeabi_f2d</name>
         <value>0x3fd5</value>
         <object_component_ref idref="oc-227"/>
      </symbol>
      <symbol id="sm-69d">
         <name>hypot</name>
         <value>0x3d5d</value>
         <object_component_ref idref="oc-2d4"/>
      </symbol>
      <symbol id="sm-6a9">
         <name>__aeabi_i2d</name>
         <value>0x40a5</value>
         <object_component_ref idref="oc-20a"/>
      </symbol>
      <symbol id="sm-6bf">
         <name>lround</name>
         <value>0x34b5</value>
         <object_component_ref idref="oc-2ff"/>
      </symbol>
      <symbol id="sm-6da">
         <name>memcpy</name>
         <value>0x383d</value>
         <object_component_ref idref="oc-4b"/>
      </symbol>
      <symbol id="sm-6db">
         <name>__aeabi_memcpy</name>
         <value>0x383d</value>
         <object_component_ref idref="oc-4b"/>
      </symbol>
      <symbol id="sm-6dc">
         <name>__aeabi_memcpy8</name>
         <value>0x383d</value>
         <object_component_ref idref="oc-4b"/>
      </symbol>
      <symbol id="sm-6dd">
         <name>__aeabi_memcpy4</name>
         <value>0x383d</value>
         <object_component_ref idref="oc-4b"/>
      </symbol>
      <symbol id="sm-6ec">
         <name>__aeabi_memset</name>
         <value>0x39e7</value>
         <object_component_ref idref="oc-64"/>
      </symbol>
      <symbol id="sm-6ed">
         <name>memset</name>
         <value>0x39ed</value>
         <object_component_ref idref="oc-64"/>
      </symbol>
      <symbol id="sm-6ee">
         <name>__aeabi_memset8</name>
         <value>0x39e7</value>
         <object_component_ref idref="oc-64"/>
      </symbol>
      <symbol id="sm-6ef">
         <name>__aeabi_memset4</name>
         <value>0x39e7</value>
         <object_component_ref idref="oc-64"/>
      </symbol>
      <symbol id="sm-6f0">
         <name>__aeabi_memclr8</name>
         <value>0x39e5</value>
         <object_component_ref idref="oc-64"/>
      </symbol>
      <symbol id="sm-6f1">
         <name>__aeabi_memclr4</name>
         <value>0x39e5</value>
         <object_component_ref idref="oc-64"/>
      </symbol>
      <symbol id="sm-6f2">
         <name>__aeabi_memclr</name>
         <value>0x39e5</value>
         <object_component_ref idref="oc-64"/>
      </symbol>
      <symbol id="sm-6fc">
         <name>_system_pre_init</name>
         <value>0x43fb</value>
         <object_component_ref idref="oc-70"/>
      </symbol>
      <symbol id="sm-706">
         <name>sin</name>
         <value>0x41f1</value>
         <object_component_ref idref="oc-2f6"/>
      </symbol>
      <symbol id="sm-725">
         <name>sqrt</name>
         <value>0x2b41</value>
         <object_component_ref idref="oc-2ce"/>
      </symbol>
      <symbol id="sm-72d">
         <name>main_func_sp</name>
         <value>0x2000071c</value>
         <object_component_ref idref="oc-88"/>
      </symbol>
      <symbol id="sm-737">
         <name>trunc</name>
         <value>0x4177</value>
         <object_component_ref idref="oc-22c"/>
      </symbol>
      <symbol id="sm-75d">
         <name>_Atan</name>
         <value>0x26c5</value>
         <object_component_ref idref="oc-36c"/>
      </symbol>
      <symbol id="sm-77c">
         <name>_Dint</name>
         <value>0x3575</value>
         <object_component_ref idref="oc-322"/>
      </symbol>
      <symbol id="sm-798">
         <name>_Dscale</name>
         <value>0x3001</value>
         <object_component_ref idref="oc-354"/>
      </symbol>
      <symbol id="sm-7ac">
         <name>_Dunscale</name>
         <value>0x3ba1</value>
         <object_component_ref idref="oc-34e"/>
      </symbol>
      <symbol id="sm-7bb">
         <name>_Feraise</name>
         <value>0x4075</value>
         <object_component_ref idref="oc-35a"/>
      </symbol>
      <symbol id="sm-7df">
         <name>_Hypot</name>
         <value>0x1a49</value>
         <object_component_ref idref="oc-364"/>
      </symbol>
      <symbol id="sm-819">
         <name>_Sin</name>
         <value>0x17b5</value>
         <object_component_ref idref="oc-377"/>
      </symbol>
      <symbol id="sm-829">
         <name>_Rteps</name>
         <value>0x200006e0</value>
         <object_component_ref idref="oc-360"/>
      </symbol>
      <symbol id="sm-82a">
         <name>_Zero</name>
         <value>0x200006f8</value>
         <object_component_ref idref="oc-360"/>
      </symbol>
      <symbol id="sm-82b">
         <name>_Hugeval</name>
         <value>0x200006a0</value>
         <object_component_ref idref="oc-360"/>
      </symbol>
      <symbol id="sm-82c">
         <name>_Snan</name>
         <value>0x200006d0</value>
         <object_component_ref idref="oc-360"/>
      </symbol>
      <symbol id="sm-82d">
         <name>_Nan</name>
         <value>0x200006c0</value>
         <object_component_ref idref="oc-360"/>
      </symbol>
      <symbol id="sm-82e">
         <name>_Inf</name>
         <value>0x200006b0</value>
         <object_component_ref idref="oc-360"/>
      </symbol>
      <symbol id="sm-82f">
         <name>_Xbig</name>
         <value>0x200006f0</value>
         <object_component_ref idref="oc-360"/>
      </symbol>
      <symbol id="sm-830">
         <name>_Eps</name>
         <value>0x20000690</value>
         <object_component_ref idref="oc-360"/>
      </symbol>
      <symbol id="sm-831">
         <name>_Denorm</name>
         <value>0x20000680</value>
         <object_component_ref idref="oc-360"/>
      </symbol>
      <symbol id="sm-84a">
         <name>_nop</name>
         <value>0x42a3</value>
         <object_component_ref idref="oc-25d"/>
      </symbol>
      <symbol id="sm-84b">
         <name>_lock</name>
         <value>0x20000700</value>
         <object_component_ref idref="oc-195"/>
      </symbol>
      <symbol id="sm-84c">
         <name>_unlock</name>
         <value>0x20000704</value>
         <object_component_ref idref="oc-195"/>
      </symbol>
      <symbol id="sm-84d">
         <name>_register_lock</name>
         <value>0x429b</value>
         <object_component_ref idref="oc-25d"/>
      </symbol>
      <symbol id="sm-84e">
         <name>_register_unlock</name>
         <value>0x4295</value>
         <object_component_ref idref="oc-25d"/>
      </symbol>
      <symbol id="sm-863">
         <name>_args_main</name>
         <value>0x4255</value>
         <object_component_ref idref="oc-7c"/>
      </symbol>
      <symbol id="sm-889">
         <name>__TI_auto_init</name>
         <value>0x3a61</value>
         <object_component_ref idref="oc-76"/>
      </symbol>
      <symbol id="sm-8a3">
         <name>copy_in</name>
         <value>0x3d11</value>
         <object_component_ref idref="oc-185"/>
      </symbol>
      <symbol id="sm-8ab">
         <name>_Errno</name>
         <value>0x20000718</value>
         <object_component_ref idref="oc-3a3"/>
      </symbol>
      <symbol id="sm-8b9">
         <name>__aeabi_d2iz</name>
         <value>0x3df1</value>
         <object_component_ref idref="oc-381"/>
      </symbol>
      <symbol id="sm-8d7">
         <name>feraiseexcept</name>
         <value>0x4041</value>
         <object_component_ref idref="oc-39d"/>
      </symbol>
      <symbol id="sm-8d8">
         <name>_Tls_setup__Fenv</name>
         <value>0x20000714</value>
         <object_component_ref idref="oc-3d1"/>
      </symbol>
      <symbol id="sm-8d9">
         <name>_Fenv</name>
         <value>0x20000710</value>
         <object_component_ref idref="oc-3d1"/>
      </symbol>
      <symbol id="sm-8fd">
         <name>fmod</name>
         <value>0x29cd</value>
         <object_component_ref idref="oc-3b8"/>
      </symbol>
      <symbol id="sm-911">
         <name>raise</name>
         <value>0x40d3</value>
         <object_component_ref idref="oc-3cb"/>
      </symbol>
      <symbol id="sm-92b">
         <name>signal</name>
         <value>0x3f95</value>
         <object_component_ref idref="oc-3e6"/>
      </symbol>
      <symbol id="sm-940">
         <name>_Dnorm</name>
         <value>0x3635</value>
         <object_component_ref idref="oc-393"/>
      </symbol>
      <symbol id="sm-941">
         <name>__TI_static_base__</name>
         <value>0x0</value>
      </symbol>
      <symbol id="sm-944">
         <name>SHT$$INIT_ARRAY$$Limit</name>
         <value>0x0</value>
      </symbol>
      <symbol id="sm-945">
         <name>SHT$$INIT_ARRAY$$Base</name>
         <value>0x0</value>
      </symbol>
   </symbol_table>
   <title>Link successful</title>
</link_info>
